2026-08-12 07:45:34 [INFO] CHD: Using in-memory cache (Redis disabled)
2026-08-12 07:45:35 [INFO] CHD: DB ready ./chd_history.db
2026-08-12 07:45:35 [INFO] CHD: DB empty, auto-seeding from parlayos JSONs...
2026-08-12 07:45:35 [INFO] CHD: Seeded 11 from ./parlayos_mlb_chd.json
2026-08-12 07:45:35 [INFO] CHD: Seeded 4 from ./parlayos_nfl_chd.json
2026-08-12 07:45:35 [INFO] CHD: Seeded 4 from ./parlayos_nba_chd.json
2026-08-12 07:45:35 [INFO] CHD: Seeded 19 from ./parlayos_chd_data.json
2026-08-12 07:45:35 [INFO] CHD: Auto-seed complete: 38 games
2026-08-12 07:45:35 [INFO] CHD: Fetching full MLB rosters for 30 teams (this may take 30-60s first run)...
2026-08-12 07:47:53 [INFO] CHD: Saved roster cache to mlb_rosters_cache.json with 30 teams
2026-08-12 07:47:54 [INFO] CHD: Using in-memory cache (Redis disabled)
2026-08-12 07:47:54 [INFO] CHD: DB ready ./chd_history.db
2026-08-12 07:47:54 [INFO] CHD: Building data for 2026-08-12 use_history=True true_wave=True
2026-08-12 07:47:54 [INFO] CHD: Loaded 38 historical rows
2026-08-12 07:47:54 [INFO] CHD: Calibration done n=38 brier=0.1747 logloss=0.5352 sport=MLB
2026-08-12 07:47:54 [INFO] CHD: OddsAPI 15 games
2026-08-12 07:47:54 [INFO] CHD: Odds data keys: 15
2026-08-12 07:47:54 [INFO] CHD: Loaded 30 teams from roster cache
2026-08-12 07:48:14 [WARNING] CHD: Weather fetch failed for NYY: no weather data
2026-08-12 07:48:26 [WARNING] CHD: Weather fetch failed for TOR: no weather data
2026-08-12 07:48:39 [WARNING] CHD: Weather fetch failed for ATL: no weather data
2026-08-12 07:48:51 [WARNING] CHD: Weather fetch failed for CWS: no weather data
2026-08-12 07:49:04 [WARNING] CHD: Weather fetch failed for LAD: no weather data
2026-08-12 07:49:16 [WARNING] CHD: Weather fetch failed for LAA: no weather data
2026-08-12 07:49:18 [INFO] CHD: nflverse failed, trying ESPN advanced parsing
2026-08-12 07:49:25 [INFO] CHD: Fetched NFL stats from ESPN parsed: 32 teams
2026-08-12 07:49:42 [INFO] CHD: Fetched NBA stats from ESPN: 30 teams
2026-08-12 07:49:43 [INFO] CHD: Using in-memory cache (Redis disabled)
2026-08-12 07:49:43 [INFO] CHD: DB ready ./chd_history.db
2026-08-12 07:49:43 [INFO] CHD: Using in-memory cache (Redis disabled)
2026-08-12 07:49:43 [INFO] CHD: DB ready ./chd_history.db
2026-08-12 07:49:43 [INFO] CHD: Using in-memory cache (Redis disabled)
2026-08-12 07:49:43 [INFO] CHD: DB ready ./chd_history.db
2026-08-12 07:49:44 [INFO] CHD: Loaded 30 teams from roster cache
2026-08-12 07:50:00 [INFO] CHD: Fetched NBA stats from ESPN: 30 teams
2026-08-12 07:50:01 [INFO] CHD: nflverse failed, trying ESPN advanced parsing
2026-08-12 07:50:06 [INFO] CHD: Fetched NFL stats from ESPN parsed: 32 teams
2026-08-12 14:22:10 [INFO] CHD: Using in-memory cache (Redis disabled)
2026-08-12 14:22:10 [INFO] CHD: DB ready ./chd_history.db
2026-08-12 14:22:10 [INFO] CHD: DB empty, auto-seeding from parlayos JSONs...
2026-08-12 14:22:10 [INFO] CHD: Seeded 15 from ./parlayos_mlb_chd.json
2026-08-12 14:22:10 [INFO] CHD: Seeded 1 from ./parlayos_nfl_chd.json
2026-08-12 14:22:10 [INFO] CHD: Seeded 1 from ./parlayos_nba_chd.json
2026-08-12 14:22:10 [INFO] CHD: Seeded 17 from ./parlayos_chd_data.json
2026-08-12 14:22:10 [INFO] CHD: Auto-seed complete: 34 games
2026-08-12 14:22:10 [INFO] CHD: Fetching full MLB rosters for 30 teams (this may take 30-60s first run)...
2026-08-12 14:23:13 [INFO] CHD: Saved roster cache to mlb_rosters_cache.json with 30 teams
2026-08-12 14:23:13 [INFO] CHD: Using in-memory cache (Redis disabled)
2026-08-12 14:23:13 [INFO] CHD: DB ready ./chd_history.db
2026-08-12 14:23:13 [INFO] CHD: Building data for 2026-08-12 use_history=True true_wave=True
2026-08-12 14:23:13 [INFO] CHD: Loaded 34 historical rows
2026-08-12 14:23:13 [INFO] CHD: Calibration done n=34 brier=0.2388 logloss=0.6708 sport=MLB
2026-08-12 14:23:14 [INFO] CHD: OddsAPI 15 games
2026-08-12 14:23:14 [INFO] CHD: Odds data keys: 15
2026-08-12 14:23:14 [INFO] CHD: Loaded 30 teams from roster cache
2026-08-12 14:23:33 [WARNING] CHD: Weather fetch failed for LAD: no weather data
2026-08-12 14:23:45 [WARNING] CHD: Weather fetch failed for LAA: no weather data
2026-08-12 14:23:46 [INFO] CHD: nflverse failed, trying ESPN advanced parsing
2026-08-12 14:23:49 [INFO] CHD: Fetched NFL stats from ESPN parsed: 32 teams
2026-08-12 14:24:05 [INFO] CHD: Fetched NBA stats from ESPN: 30 teams
2026-08-12 14:24:05 [INFO] CHD: Using in-memory cache (Redis disabled)
2026-08-12 14:24:05 [INFO] CHD: DB ready ./chd_history.db
2026-08-12 14:24:05 [INFO] CHD: Using in-memory cache (Redis disabled)
2026-08-12 14:24:05 [INFO] CHD: DB ready ./chd_history.db
2026-08-12 14:24:06 [INFO] CHD: Using in-memory cache (Redis disabled)
2026-08-12 14:24:06 [INFO] CHD: DB ready ./chd_history.db
2026-08-12 14:24:06 [INFO] CHD: Loaded 30 teams from roster cache
2026-08-12 14:24:22 [INFO] CHD: Fetched NBA stats from ESPN: 30 teams
2026-08-12 14:24:22 [INFO] CHD: nflverse failed, trying ESPN advanced parsing
2026-08-12 14:24:24 [INFO] CHD: Fetched NFL stats from ESPN parsed: 32 teams
2026-08-12 14:24:36 [WARNING] CHD: Weather fetch failed for NYY: no weather data
2026-08-12 17:17:11 [INFO] CHD: Using in-memory cache (Redis disabled)
2026-08-12 17:17:11 [INFO] CHD: DB ready ./chd_history.db
2026-08-12 17:17:11 [INFO] CHD: DB empty, auto-seeding from parlayos JSONs...
2026-08-12 17:17:11 [INFO] CHD: Seeded 15 from ./parlayos_mlb_chd.json
2026-08-12 17:17:11 [INFO] CHD: Seeded 1 from ./parlayos_nfl_chd.json
2026-08-12 17:17:11 [INFO] CHD: Seeded 1 from ./parlayos_nba_chd.json
2026-08-12 17:17:11 [INFO] CHD: Seeded 17 from ./parlayos_chd_data.json
2026-08-12 17:17:11 [INFO] CHD: Auto-seed complete: 34 games
2026-08-12 17:17:11 [INFO] CHD: Fetching full MLB rosters for 30 teams (this may take 30-60s first run)...
2026-08-12 17:18:02 [INFO] CHD: Saved roster cache to mlb_rosters_cache.json with 30 teams
2026-08-12 17:18:02 [INFO] CHD: Using in-memory cache (Redis disabled)
2026-08-12 17:18:02 [INFO] CHD: DB ready ./chd_history.db
2026-08-12 17:18:02 [INFO] CHD: Building data for 2026-08-12 use_history=True true_wave=True
2026-08-12 17:18:02 [INFO] CHD: Loaded 34 historical rows
2026-08-12 17:18:02 [INFO] CHD: Calibration done n=34 brier=0.2399 logloss=0.6730 sport=MLB
2026-08-12 17:18:02 [INFO] CHD: OddsAPI 15 games
2026-08-12 17:18:02 [INFO] CHD: Odds data keys: 15
2026-08-12 17:18:03 [INFO] CHD: Loaded 30 teams from roster cache
2026-08-12 17:18:11 [INFO] CHD: nflverse failed, trying ESPN advanced parsing
2026-08-12 17:18:15 [INFO] CHD: Fetched NFL stats from ESPN parsed: 32 teams
2026-08-12 17:18:30 [INFO] CHD: Fetched NBA stats from ESPN: 30 teams
2026-08-12 17:18:31 [INFO] CHD: Using in-memory cache (Redis disabled)
2026-08-12 17:18:31 [INFO] CHD: DB ready ./chd_history.db
2026-08-12 17:18:31 [INFO] CHD: Using in-memory cache (Redis disabled)
2026-08-12 17:18:31 [INFO] CHD: DB ready ./chd_history.db
2026-08-12 17:18:31 [INFO] CHD: Using in-memory cache (Redis disabled)
2026-08-12 17:18:31 [INFO] CHD: DB ready ./chd_history.db
2026-08-12 17:18:32 [INFO] CHD: Loaded 30 teams from roster cache
2026-08-12 17:18:46 [INFO] CHD: Fetched NBA stats from ESPN: 30 teams
2026-08-12 17:18:47 [INFO] CHD: nflverse failed, trying ESPN advanced parsing
2026-08-12 17:18:49 [INFO] CHD: Fetched NFL stats from ESPN parsed: 32 teams
2026-08-12 17:19:01 [WARNING] CHD: Weather fetch failed for NYY: no weather data
2026-08-14 00:23:31 [INFO] CHD: Using in-memory cache (Redis disabled)
2026-08-14 00:23:31 [INFO] CHD: DB ready ./chd_history.db
2026-08-14 00:23:31 [INFO] CHD: DB empty, auto-seeding from parlayos JSONs...
2026-08-14 00:23:31 [INFO] CHD: Seeded 15 from ./parlayos_mlb_chd.json
2026-08-14 00:23:31 [INFO] CHD: Seeded 1 from ./parlayos_nfl_chd.json
2026-08-14 00:23:31 [INFO] CHD: Seeded 1 from ./parlayos_nba_chd.json
2026-08-14 00:23:31 [INFO] CHD: Seeded 17 from ./parlayos_chd_data.json
2026-08-14 00:23:31 [INFO] CHD: Auto-seed complete: 34 games
2026-08-14 00:23:31 [INFO] CHD: Fetching full MLB rosters for 30 teams (this may take 30-60s first run)...
2026-08-14 00:25:11 [INFO] CHD: Saved roster cache to mlb_rosters_cache.json with 30 teams
2026-08-14 00:25:11 [INFO] CHD: Using in-memory cache (Redis disabled)
2026-08-14 00:25:11 [INFO] CHD: DB ready ./chd_history.db
2026-08-14 00:25:11 [INFO] CHD: Building data for 2026-08-14 use_history=True true_wave=True
2026-08-14 00:25:11 [INFO] CHD: Loaded 34 historical rows
2026-08-14 00:25:11 [INFO] CHD: Calibration done n=34 brier=0.1601 logloss=0.5050 sport=MLB
2026-08-14 00:25:12 [INFO] CHD: OddsAPI 12 games
2026-08-14 00:25:12 [INFO] CHD: Odds data keys: 12
2026-08-14 00:25:12 [INFO] CHD: Loaded 30 teams from roster cache
2026-08-14 00:25:31 [WARNING] CHD: Weather fetch failed for TOR: no weather data
2026-08-14 00:25:43 [WARNING] CHD: Weather fetch failed for HOU: no weather data
2026-08-14 00:25:56 [WARNING] CHD: Weather fetch failed for LAA: no weather data
2026-08-14 00:26:08 [WARNING] CHD: Weather fetch failed for LAD: no weather data
2026-08-14 00:26:21 [WARNING] CHD: Weather fetch failed for SF: no weather data
2026-08-14 00:26:22 [INFO] CHD: nflverse failed, trying ESPN advanced parsing
2026-08-14 00:26:29 [INFO] CHD: Fetched NFL stats from ESPN parsed: 32 teams
2026-08-14 00:26:46 [INFO] CHD: Fetched NBA stats from ESPN: 30 teams
2026-08-14 00:26:47 [INFO] CHD: Using in-memory cache (Redis disabled)
2026-08-14 00:26:47 [INFO] CHD: DB ready ./chd_history.db
2026-08-14 00:26:47 [INFO] CHD: Using in-memory cache (Redis disabled)
2026-08-14 00:26:47 [INFO] CHD: DB ready ./chd_history.db
2026-08-14 00:26:47 [INFO] CHD: Using in-memory cache (Redis disabled)
2026-08-14 00:26:47 [INFO] CHD: DB ready ./chd_history.db
2026-08-14 00:26:47 [INFO] CHD: Loaded 30 teams from roster cache
2026-08-14 00:27:03 [INFO] CHD: Fetched NBA stats from ESPN: 30 teams
2026-08-14 00:27:04 [INFO] CHD: nflverse failed, trying ESPN advanced parsing
2026-08-14 00:27:10 [INFO] CHD: Fetched NFL stats from ESPN parsed: 32 teams
2026-08-14 00:27:22 [WARNING] CHD: Weather fetch failed for NYY: no weather data
2026-08-14 01:12:45 [INFO] CHD: Using in-memory cache (Redis disabled)
2026-08-14 01:12:45 [INFO] CHD: DB ready ./chd_history.db
2026-08-14 01:12:45 [INFO] CHD: DB empty, auto-seeding from parlayos JSONs...
2026-08-14 01:12:45 [INFO] CHD: Seeded 14 from ./parlayos_mlb_chd.json
2026-08-14 01:12:46 [INFO] CHD: Seeded 16 from ./parlayos_nfl_chd.json
2026-08-14 01:12:46 [INFO] CHD: Seeded 1 from ./parlayos_nba_chd.json
2026-08-14 01:12:46 [INFO] CHD: Seeded 31 from ./parlayos_chd_data.json
2026-08-14 01:12:46 [INFO] CHD: Auto-seed complete: 62 games
2026-08-14 01:12:46 [INFO] CHD: Fetching full MLB rosters for 30 teams (this may take 30-60s first run)...
2026-08-14 01:14:29 [INFO] CHD: Saved roster cache to mlb_rosters_cache.json with 30 teams
2026-08-14 01:14:30 [INFO] CHD: Using in-memory cache (Redis disabled)
2026-08-14 01:14:30 [INFO] CHD: DB ready ./chd_history.db
2026-08-14 01:14:30 [INFO] CHD: Building data for 2026-08-14 use_history=True true_wave=True
2026-08-14 01:14:30 [INFO] CHD: Loaded 62 historical rows
2026-08-14 01:14:30 [INFO] CHD: Calibration done n=62 brier=0.1583 logloss=0.5000 sport=MLB
2026-08-14 01:14:30 [INFO] CHD: OddsAPI 13 games
2026-08-14 01:14:30 [INFO] CHD: Odds data keys: 13
2026-08-14 01:14:30 [INFO] CHD: Loaded 30 teams from roster cache
2026-08-14 01:14:50 [WARNING] CHD: Weather fetch failed for HOU: no weather data
2026-08-14 01:15:03 [WARNING] CHD: Weather fetch failed for LAA: no weather data
2026-08-14 01:15:15 [WARNING] CHD: Weather fetch failed for LAD: no weather data
2026-08-14 01:15:28 [WARNING] CHD: Weather fetch failed for SF: no weather data
2026-08-14 01:15:28 [INFO] CHD: nflverse failed, trying ESPN advanced parsing
2026-08-14 01:15:33 [INFO] CHD: Fetched NFL stats from ESPN parsed: 32 teams
2026-08-14 01:15:48 [INFO] CHD: Fetched NBA stats from ESPN: 30 teams
2026-08-14 01:15:48 [INFO] CHD: Using in-memory cache (Redis disabled)
2026-08-14 01:15:48 [INFO] CHD: DB ready ./chd_history.db
2026-08-14 01:15:49 [INFO] CHD: Using in-memory cache (Redis disabled)
2026-08-14 01:15:49 [INFO] CHD: DB ready ./chd_history.db
2026-08-14 01:15:49 [INFO] CHD: Using in-memory cache (Redis disabled)
2026-08-14 01:15:49 [INFO] CHD: DB ready ./chd_history.db
2026-08-14 01:15:49 [INFO] CHD: Loaded 30 teams from roster cache
2026-08-14 01:16:04 [INFO] CHD: Fetched NBA stats from ESPN: 30 teams
2026-08-14 01:16:05 [INFO] CHD: nflverse failed, trying ESPN advanced parsing
2026-08-14 01:16:08 [INFO] CHD: Fetched NFL stats from ESPN parsed: 32 teams
2026-08-14 01:16:20 [WARNING] CHD: Weather fetch failed for NYY: no weather data
2026-08-14 14:17:17 [INFO] CHD: Using in-memory cache (Redis disabled)
2026-08-14 14:17:17 [INFO] CHD: DB ready ./chd_history.db
2026-08-14 14:17:17 [INFO] CHD: DB empty, auto-seeding from parlayos JSONs...
2026-08-14 14:17:17 [INFO] CHD: Seeded 14 from ./parlayos_mlb_chd.json
2026-08-14 14:17:17 [INFO] CHD: Seeded 16 from ./parlayos_nfl_chd.json
2026-08-14 14:17:17 [INFO] CHD: Seeded 1 from ./parlayos_nba_chd.json
2026-08-14 14:17:17 [INFO] CHD: Seeded 31 from ./parlayos_chd_data.json
2026-08-14 14:17:17 [INFO] CHD: Auto-seed complete: 62 games
2026-08-14 14:17:17 [INFO] CHD: Fetching full MLB rosters for 30 teams (this may take 30-60s first run)...
2026-08-14 14:19:06 [INFO] CHD: Saved roster cache to mlb_rosters_cache.json with 30 teams
2026-08-14 14:19:07 [INFO] CHD: Using in-memory cache (Redis disabled)
2026-08-14 14:19:07 [INFO] CHD: DB ready ./chd_history.db
2026-08-14 14:19:07 [INFO] CHD: Building data for 2026-08-14 use_history=True true_wave=True
2026-08-14 14:19:07 [INFO] CHD: Loaded 62 historical rows
2026-08-14 14:19:07 [INFO] CHD: Calibration done n=62 brier=0.1591 logloss=0.5020 sport=MLB
2026-08-14 14:19:07 [INFO] CHD: OddsAPI 14 games
2026-08-14 14:19:07 [INFO] CHD: Odds data keys: 14
2026-08-14 14:19:07 [INFO] CHD: Loaded 30 teams from roster cache
2026-08-14 14:19:27 [WARNING] CHD: Weather fetch failed for ATL: no weather data
2026-08-14 14:19:40 [WARNING] CHD: Weather fetch failed for TOR: no weather data
2026-08-14 14:19:52 [WARNING] CHD: Weather fetch failed for HOU: no weather data
2026-08-14 14:20:04 [WARNING] CHD: Weather fetch failed for LAA: no weather data
2026-08-14 14:20:17 [WARNING] CHD: Weather fetch failed for LAD: no weather data
2026-08-14 14:20:29 [WARNING] CHD: Weather fetch failed for SF: no weather data
2026-08-14 14:20:30 [INFO] CHD: nflverse failed, trying ESPN advanced parsing
2026-08-14 14:20:38 [INFO] CHD: Fetched NFL stats from ESPN parsed: 32 teams
2026-08-14 14:20:57 [INFO] CHD: Fetched NBA stats from ESPN: 30 teams
2026-08-14 14:20:58 [INFO] CHD: Using in-memory cache (Redis disabled)
2026-08-14 14:20:58 [INFO] CHD: DB ready ./chd_history.db
2026-08-14 14:20:58 [INFO] CHD: Using in-memory cache (Redis disabled)
2026-08-14 14:20:58 [INFO] CHD: DB ready ./chd_history.db
2026-08-14 14:20:58 [INFO] CHD: Using in-memory cache (Redis disabled)
2026-08-14 14:20:58 [INFO] CHD: DB ready ./chd_history.db
2026-08-14 14:20:59 [INFO] CHD: Loaded 30 teams from roster cache
2026-08-14 14:21:17 [INFO] CHD: Fetched NBA stats from ESPN: 30 teams
2026-08-14 14:21:17 [INFO] CHD: nflverse failed, trying ESPN advanced parsing
2026-08-14 14:21:23 [INFO] CHD: Fetched NFL stats from ESPN parsed: 32 teams
2026-08-15 04:29:04 [INFO] CHD: Using in-memory cache (Redis disabled)
2026-08-15 04:29:04 [INFO] CHD: DB ready ./chd_history.db
2026-08-15 04:29:04 [INFO] CHD: DB empty, auto-seeding from parlayos JSONs...
2026-08-15 04:29:04 [INFO] CHD: Seeded 14 from ./parlayos_mlb_chd.json
2026-08-15 04:29:04 [INFO] CHD: Seeded 16 from ./parlayos_nfl_chd.json
2026-08-15 04:29:04 [INFO] CHD: Seeded 1 from ./parlayos_nba_chd.json
2026-08-15 04:29:04 [INFO] CHD: Seeded 31 from ./parlayos_chd_data.json
2026-08-15 04:29:04 [INFO] CHD: Auto-seed complete: 62 games
2026-08-15 04:29:04 [INFO] CHD: Fetching full MLB rosters for 30 teams (this may take 30-60s first run)...
2026-08-15 04:30:41 [INFO] CHD: Saved roster cache to mlb_rosters_cache.json with 30 teams
2026-08-15 04:30:41 [INFO] CHD: Using in-memory cache (Redis disabled)
2026-08-15 04:30:41 [INFO] CHD: DB ready ./chd_history.db
2026-08-15 04:30:41 [INFO] CHD: Building data for 2026-08-15 use_history=True true_wave=True
2026-08-15 04:30:41 [INFO] CHD: Loaded 62 historical rows
2026-08-15 04:30:41 [INFO] CHD: Calibration done n=62 brier=0.1570 logloss=0.4972 sport=MLB
2026-08-15 04:30:41 [INFO] CHD: OddsAPI 15 games
2026-08-15 04:30:41 [INFO] CHD: Odds data keys: 15
2026-08-15 04:30:41 [INFO] CHD: Loaded 30 teams from roster cache
2026-08-15 04:31:00 [WARNING] CHD: Weather fetch failed for CIN: no weather data
2026-08-15 04:31:13 [WARNING] CHD: Weather fetch failed for CLE: no weather data
2026-08-15 04:31:25 [WARNING] CHD: Weather fetch failed for HOU: no weather data
2026-08-15 04:31:38 [WARNING] CHD: Weather fetch failed for MIN: no weather data
2026-08-15 04:31:50 [WARNING] CHD: Weather fetch failed for PIT: no weather data
2026-08-15 04:32:03 [WARNING] CHD: Weather fetch failed for LAD: no weather data
2026-08-15 04:32:15 [WARNING] CHD: Weather fetch failed for LAA: no weather data
2026-08-15 04:32:16 [INFO] CHD: nflverse failed, trying ESPN advanced parsing
2026-08-15 04:32:21 [INFO] CHD: Fetched NFL stats from ESPN parsed: 32 teams
2026-08-15 04:32:37 [INFO] CHD: Fetched NBA stats from ESPN: 30 teams
2026-08-15 04:32:37 [INFO] CHD: Using in-memory cache (Redis disabled)
2026-08-15 04:32:37 [INFO] CHD: DB ready ./chd_history.db
2026-08-15 04:32:38 [INFO] CHD: Using in-memory cache (Redis disabled)
2026-08-15 04:32:38 [INFO] CHD: DB ready ./chd_history.db
2026-08-15 04:32:38 [INFO] CHD: Using in-memory cache (Redis disabled)
2026-08-15 04:32:38 [INFO] CHD: DB ready ./chd_history.db
2026-08-15 04:32:38 [INFO] CHD: Loaded 30 teams from roster cache
2026-08-15 04:32:59 [INFO] CHD: Fetched NBA stats from ESPN: 30 teams
2026-08-15 04:32:59 [INFO] CHD: nflverse failed, trying ESPN advanced parsing
2026-08-15 04:33:02 [INFO] CHD: Fetched NFL stats from ESPN parsed: 32 teams
2026-08-15 05:32:43 [INFO] CHD: Using in-memory cache (Redis disabled)
2026-08-15 05:32:43 [INFO] CHD: DB ready ./chd_history.db
2026-08-15 05:32:43 [INFO] CHD: DB empty, auto-seeding from parlayos JSONs...
2026-08-15 05:32:43 [INFO] CHD: Seeded 15 from ./parlayos_mlb_chd.json
2026-08-15 05:32:44 [INFO] CHD: Seeded 16 from ./parlayos_nfl_chd.json
2026-08-15 05:32:44 [INFO] CHD: Seeded 1 from ./parlayos_nba_chd.json
2026-08-15 05:32:44 [INFO] CHD: Seeded 32 from ./parlayos_chd_data.json
2026-08-15 05:32:44 [INFO] CHD: Auto-seed complete: 64 games
2026-08-15 05:32:44 [INFO] CHD: Fetching full MLB rosters for 30 teams (this may take 30-60s first run)...
2026-08-15 05:33:21 [INFO] CHD: Saved roster cache to mlb_rosters_cache.json with 30 teams
2026-08-15 05:33:22 [INFO] CHD: Using in-memory cache (Redis disabled)
2026-08-15 05:33:22 [INFO] CHD: DB ready ./chd_history.db
2026-08-15 05:33:22 [INFO] CHD: Building data for 2026-08-15 use_history=True true_wave=True
2026-08-15 05:33:22 [INFO] CHD: Loaded 64 historical rows
2026-08-15 05:33:22 [INFO] CHD: Calibration done n=64 brier=0.1892 logloss=0.5674 sport=MLB
2026-08-15 05:33:22 [INFO] CHD: OddsAPI 15 games
2026-08-15 05:33:22 [INFO] CHD: Odds data keys: 15
2026-08-15 05:33:22 [INFO] CHD: Loaded 30 teams from roster cache
2026-08-15 05:33:31 [INFO] CHD: nflverse failed, trying ESPN advanced parsing
2026-08-15 05:33:34 [INFO] CHD: Fetched NFL stats from ESPN parsed: 32 teams
2026-08-15 05:33:49 [INFO] CHD: Fetched NBA stats from ESPN: 30 teams
2026-08-15 05:33:49 [INFO] CHD: Using in-memory cache (Redis disabled)
2026-08-15 05:33:49 [INFO] CHD: DB ready ./chd_history.db
2026-08-15 05:33:49 [INFO] CHD: Using in-memory cache (Redis disabled)
2026-08-15 05:33:49 [INFO] CHD: DB ready ./chd_history.db
2026-08-15 05:33:50 [INFO] CHD: Using in-memory cache (Redis disabled)
2026-08-15 05:33:50 [INFO] CHD: DB ready ./chd_history.db
2026-08-15 05:33:50 [INFO] CHD: Loaded 30 teams from roster cache
2026-08-15 05:34:04 [INFO] CHD: Fetched NBA stats from ESPN: 30 teams
2026-08-15 05:34:04 [INFO] CHD: nflverse failed, trying ESPN advanced parsing
2026-08-15 05:34:06 [INFO] CHD: Fetched NFL stats from ESPN parsed: 32 teams
2026-08-15 05:34:18 [WARNING] CHD: Weather fetch failed for NYY: no weather data
2026-08-15 05:44:45 [INFO] CHD: Using in-memory cache (Redis disabled)
2026-08-15 05:44:45 [INFO] CHD: DB ready ./chd_history.db
2026-08-15 05:44:45 [INFO] CHD: DB empty, auto-seeding from parlayos JSONs...
2026-08-15 05:44:45 [INFO] CHD: Seeded 15 from ./parlayos_mlb_chd.json
2026-08-15 05:44:45 [INFO] CHD: Seeded 16 from ./parlayos_nfl_chd.json
2026-08-15 05:44:45 [INFO] CHD: Seeded 1 from ./parlayos_nba_chd.json
2026-08-15 05:44:45 [INFO] CHD: Seeded 32 from ./parlayos_chd_data.json
2026-08-15 05:44:45 [INFO] CHD: Auto-seed complete: 64 games
2026-08-15 05:44:45 [INFO] CHD: Fetching full MLB rosters for 30 teams (this may take 30-60s first run)...
2026-08-15 05:46:26 [INFO] CHD: Saved roster cache to mlb_rosters_cache.json with 30 teams
2026-08-15 05:46:27 [INFO] CHD: Using in-memory cache (Redis disabled)
2026-08-15 05:46:27 [INFO] CHD: DB ready ./chd_history.db
2026-08-15 05:46:27 [INFO] CHD: Building data for 2026-08-15 use_history=True true_wave=True
2026-08-15 05:46:27 [INFO] CHD: Loaded 64 historical rows
2026-08-15 05:46:27 [INFO] CHD: Calibration done n=64 brier=0.1894 logloss=0.5679 sport=MLB
2026-08-15 05:46:27 [INFO] CHD: OddsAPI 15 games
2026-08-15 05:46:27 [INFO] CHD: Odds data keys: 15
2026-08-15 05:46:27 [INFO] CHD: Loaded 30 teams from roster cache
2026-08-15 05:46:47 [WARNING] CHD: Weather fetch failed for MIN: no weather data
2026-08-15 05:47:00 [WARNING] CHD: Weather fetch failed for PIT: no weather data
2026-08-15 05:47:12 [WARNING] CHD: Weather fetch failed for ATL: no weather data
2026-08-15 05:47:26 [WARNING] CHD: Weather fetch failed for LAA: no weather data
2026-08-15 05:47:27 [INFO] CHD: nflverse failed, trying ESPN advanced parsing
2026-08-15 05:47:31 [INFO] CHD: Fetched NFL stats from ESPN parsed: 32 teams
2026-08-15 05:47:47 [INFO] CHD: Fetched NBA stats from ESPN: 30 teams
2026-08-15 05:47:47 [INFO] CHD: Using in-memory cache (Redis disabled)
2026-08-15 05:47:47 [INFO] CHD: DB ready ./chd_history.db
2026-08-15 05:47:48 [INFO] CHD: Using in-memory cache (Redis disabled)
2026-08-15 05:47:48 [INFO] CHD: DB ready ./chd_history.db
2026-08-15 05:47:48 [INFO] CHD: Using in-memory cache (Redis disabled)
2026-08-15 05:47:48 [INFO] CHD: DB ready ./chd_history.db
2026-08-15 05:47:48 [INFO] CHD: Loaded 30 teams from roster cache
2026-08-15 05:48:04 [INFO] CHD: Fetched NBA stats from ESPN: 30 teams
2026-08-15 05:48:04 [INFO] CHD: nflverse failed, trying ESPN advanced parsing
2026-08-15 05:48:07 [INFO] CHD: Fetched NFL stats from ESPN parsed: 32 teams
2026-08-15 05:48:20 [WARNING] CHD: Weather fetch failed for NYY: no weather data
